eeschema (2012-jan-04)-stable  >> Creation date: Wed 20 Feb 2013 05:03:33 PM CET

#Cmp ( order = Reference )
| BT1        3.7V        
| BT2        BATTERY     
| C1         1uF         
| C2         680nF       
| C3         680nF       
| C4         20pF        
| C5         10pF        
| C6         1uF         
| C7         20pF        
| C8         100nF       
| C9         100nF       
| C10        680nF       
| C11        680nF       
| C12        1uF         
| C13        20pF        
| C14        20pF        
| C15        1uF         
| C16        1pF         
| C17        1pF         
| D1         D           
| D2         D           
| D3         D           ; HSMP-3862-TR1G
| D5         LED         
| ECG_out1   1           
| ECG_out2   2           
| IC1        ATMEGA328P-A
| JP1        AREF-GND    
| P1         belt        
| P2         TMP100      
| P3         BT          
| P4         GND         
| P5         Vcc         
| P6         contrast    
| P7         RS          
| P8         GND         
| P9         E           
| P10        D4          
| P11        D5          
| P12        D6          
| P13        D7          
| P14        Vcc         
| P15        mos         
| P16        progr       
| P17        I2C         
| P18        LCD_NOKIA   
| P19        SDcard      
| P20        CONN_8X2    
| P21        CONN_8X2    
| P22        CONN_8X2    
| P23        CONN_8X2    
| P24        on/off      
| P25        IN          
| Q1         MMBF170     
| Q2         NDS0610     
| R1         10k         
| R2         1M          
| R3         10k         
| R4         1M          
| R5         1M          
| R6         1k          
| R7         1M          
| R8         1M          
| R9         100k        
| R10        10k         
| R11        10k         
| R12        10k         
| R13        10k         
| R14        33k         
| R15        33k         
| R16        2M          
| R18        33k         
| R23        422k        
| R24        422k        
| R25        1050        
| R26        1050        
| RV1        47k         
| SD1        microSDsocket
| SW1        SW_PUSH     
| SW_Green1  SW_PUSH     
| SW_Red1    SW_PUSH     
| U1         DS1307      
| U2         LT1496      ; LT1496CS#PBF
| U3         BLUETOOTH   
| U4         LTC1844     
| ws1        ADC         
| ws_pUP1    ADC         
| X1         32.768kHz   
#End Cmp

#Cmp ( order = Value )
| 1            ECG_out1  
| 100k         R9        
| 100nF        C8        
| 100nF        C9        
| 1050         R25       
| 1050         R26       
| 10k          R1        
| 10k          R3        
| 10k          R10       
| 10k          R11       
| 10k          R12       
| 10k          R13       
| 10pF         C5        
| 1k           R6        
| 1M           R2        
| 1M           R4        
| 1M           R5        
| 1M           R7        
| 1M           R8        
| 1pF          C16       
| 1pF          C17       
| 1uF          C1        
| 1uF          C6        
| 1uF          C12       
| 1uF          C15       
| 2            ECG_out2  
| 20pF         C4        
| 20pF         C7        
| 20pF         C13       
| 20pF         C14       
| 2M           R16       
| 3.7V         BT1       
| 32.768kHz    X1        
| 33k          R14       
| 33k          R15       
| 33k          R18       
| 422k         R23       
| 422k         R24       
| 47k          RV1       
| 680nF        C2        
| 680nF        C3        
| 680nF        C10       
| 680nF        C11       
| ADC          ws1       
| ADC          ws_pUP1   
| AREF-GND     JP1       
| ATMEGA328P-A IC1       
| BATTERY      BT2       
| belt         P1        
| BLUETOOTH    U3        
| BT           P3        
| CONN_8X2     P20       
| CONN_8X2     P21       
| CONN_8X2     P22       
| CONN_8X2     P23       
| contrast     P6        
| D            D1        
| D            D2        
| D            D3        ; HSMP-3862-TR1G
| D4           P10       
| D5           P11       
| D6           P12       
| D7           P13       
| DS1307       U1        
| E            P9        
| GND          P4        
| GND          P8        
| I2C          P17       
| IN           P25       
| LCD_NOKIA    P18       
| LED          D5        
| LT1496       U2        ; LT1496CS#PBF
| LTC1844      U4        
| microSDsocket SD1       
| MMBF170      Q1        
| mos          P15       
| NDS0610      Q2        
| on/off       P24       
| progr        P16       
| RS           P7        
| SDcard       P19       
| SW_PUSH      SW1       
| SW_PUSH      SW_Green1 
| SW_PUSH      SW_Red1   
| TMP100       P2        
| Vcc          P5        
| Vcc          P14       
#End Cmp

#End List
